// Jest Snapshot v1, https://goo.gl/fbAQLP

exports[`should have all needed mutations 1`] = `
Array [
  "setPhoneNumber(phoneNumber: String!): PhoneNumberMutationResponse",
  "saveDeviceRegistrationId(registrationId: String!): DeviceRegistrationMutationResponse",
  "setPersonAttribute(key: String!, value: String!): AttributeValueMutationResponse",
]
`;
