exports[`batch process correctly orders the functions to be called 1`] = `"function ( /* istanbul ignore next */_ref14) /* istanbul ignore next */{var data = _ref14.data;return (/* istanbul ignore next */_promise2.default.resolve(data).then( /* istanbul ignore next */_this.getOrCreatePerson).then( /* istanbul ignore next */_this.createPaymentDetail).then( /* istanbul ignore next */_this.findOrCreateTransaction).then( /* istanbul ignore next */_this.findOrCreateSchedule).then( /* istanbul ignore next */_this.createTransactionDetails).then( /* istanbul ignore next */_this.createSavedPayment).then( /* istanbul ignore next */_this.updateBillingAddress).then( /* istanbul ignore next */_this.updateBatchControlAmount).then( /* istanbul ignore next */_this.sendGivingEmail));}"`;
