exports[`Feed Query should return a list of user's likes with correct filter 1`] = `
Array [
  Object {
    "__type": "Content",
    "channelName": "articles",
    "content": Object {
      "images": Array [
        Object {
          "label": "2:1",
          "url": "//drhztd8q3iayu.cloudfront.net/newspring/editorial/articles/newspring.blog.hero.monasterypews.large.jpg",
        },
      ],
    },
    "id": "16c44ac3fe07af726455feac35ab2be9",
    "title": "One place where everyone is welcome",
  },
]
`;

exports[`Feed Query should return array of combined Transaction and SavedPayment data 1`] = `
Array [
  Object {
    "__type": "Transaction",
    "date": "today",
    "details": "Details Object",
    "entityId": 3,
    "id": 2,
    "payment": "Payment Object",
    "person": "12345-ABCDE",
    "schedule": "Schedule Object",
    "status": "sample status",
    "summary": "sample summary",
  },
  Object {
    "Name": "my saved payment",
    "__type": "SavedPayment",
    "code": "1234567812345678",
    "date": "today",
    "entityId": 5,
    "expirationMonth": "123456",
    "expirationYear": "12345678",
    "guid": "1234567890",
    "id": 4,
    "payment": "Payment Object",
  },
]
`;
