// Jest Snapshot v1, https://goo.gl/fbAQLP

exports[`has all needed queries 1`] = `
Array [
  "savedPayments(limit: Int = 20, skip: Int = 0, cache: Boolean = true): [SavedPayment]",
  "savedPayment(id: ID!): SavedPayment",
  "transactions(
    limit: Int = 20,
    skip: Int = 0,
    cache: Boolean = true,
    start: String,
    end: String,
    people: [Int] = [],
  ): [Transaction]",
  "scheduledTransactions(
    limit: Int = 20, skip: Int = 0, cache: Boolean = true, isActive: Boolean = true
  ): [ScheduledTransaction]",
  "accounts(
    allFunds: Boolean = false, name: String, isActive: Boolean = true, isPublic: Boolean = true, isTaxDeductable: Boolean = true
  ): [FinancialAccount]",
  "accountFromCashTag(cashTag: String!): FinancialAccount",
]
`;
